MPLINK 5.09, LINKER
Linker Map File - Created Tue May 05 22:12:41 2026

                                 Section Info
                  Section       Type    Address   Location Size(Bytes)
                ---------  ---------  ---------  ---------  ---------
                   .org_0       code   0x000000    program   0x000002
                   .cinit    romdata   0x000001    program   0x000004
                   .org_1       code   0x000004    program   0x000002
                   .org_2       code   0x000005    program   0x000158
.config_2007_BUILD/DEFAULT/PRODUCTION/PROYECT       code   0x002007    program   0x000002
.config_2008_BUILD/DEFAULT/PRODUCTION/PROYECT       code   0x002008    program   0x000002



                              Program Memory Usage 
                               Start         End      
                           ---------   ---------      
                            0x000000    0x000002      
                            0x000004    0x0000b0      
                            0x002007    0x002008      
            178 out of 8455 program addresses used, program memory utilization is 2%



                              Symbols - Sorted by Name
                     Name    Address   Location    Storage File                     
                ---------  ---------  ---------  --------- ---------                
                     ALFA   0x000052    program     static C:\Users\usuario\Downloads\TP.X\PROYECTO.asm
          BARRIDO_TECLADO   0x000036    program     static C:\Users\usuario\Downloads\TP.X\PROYECTO.asm
                    BARRO   0x00003f    program     static C:\Users\usuario\Downloads\TP.X\PROYECTO.asm
                    BUCLE   0x000030    program     static C:\Users\usuario\Downloads\TP.X\PROYECTO.asm
                    DELAY   0x0000a8    program     static C:\Users\usuario\Downloads\TP.X\PROYECTO.asm
           ESPERAR_SUELTA   0x000055    program     static C:\Users\usuario\Downloads\TP.X\PROYECTO.asm
                   INICIO   0x000005    program     static C:\Users\usuario\Downloads\TP.X\PROYECTO.asm
                      ISR   0x000097    program     static C:\Users\usuario\Downloads\TP.X\PROYECTO.asm
             MULTIPLEXADO   0x000067    program     static C:\Users\usuario\Downloads\TP.X\PROYECTO.asm
                 NO_TECLA   0x000063    program     static C:\Users\usuario\Downloads\TP.X\PROYECTO.asm
                REGISTROS   0x00005b    program     static C:\Users\usuario\Downloads\TP.X\PROYECTO.asm
                SALIR_ISR   0x0000a3    program     static C:\Users\usuario\Downloads\TP.X\PROYECTO.asm
                    SIGUE   0x000035    program     static C:\Users\usuario\Downloads\TP.X\PROYECTO.asm
            TABLA_DISPLAY   0x000086    program     static C:\Users\usuario\Downloads\TP.X\PROYECTO.asm
           cuenta_externa   0x0000aa    program     static C:\Users\usuario\Downloads\TP.X\PROYECTO.asm
           cuenta_interna   0x0000ac    program     static C:\Users\usuario\Downloads\TP.X\PROYECTO.asm



                              Symbols - Sorted by Address
                     Name    Address   Location    Storage File                     
                ---------  ---------  ---------  --------- ---------                
                   INICIO   0x000005    program     static C:\Users\usuario\Downloads\TP.X\PROYECTO.asm
                    BUCLE   0x000030    program     static C:\Users\usuario\Downloads\TP.X\PROYECTO.asm
                    SIGUE   0x000035    program     static C:\Users\usuario\Downloads\TP.X\PROYECTO.asm
          BARRIDO_TECLADO   0x000036    program     static C:\Users\usuario\Downloads\TP.X\PROYECTO.asm
                    BARRO   0x00003f    program     static C:\Users\usuario\Downloads\TP.X\PROYECTO.asm
                     ALFA   0x000052    program     static C:\Users\usuario\Downloads\TP.X\PROYECTO.asm
           ESPERAR_SUELTA   0x000055    program     static C:\Users\usuario\Downloads\TP.X\PROYECTO.asm
                REGISTROS   0x00005b    program     static C:\Users\usuario\Downloads\TP.X\PROYECTO.asm
                 NO_TECLA   0x000063    program     static C:\Users\usuario\Downloads\TP.X\PROYECTO.asm
             MULTIPLEXADO   0x000067    program     static C:\Users\usuario\Downloads\TP.X\PROYECTO.asm
            TABLA_DISPLAY   0x000086    program     static C:\Users\usuario\Downloads\TP.X\PROYECTO.asm
                      ISR   0x000097    program     static C:\Users\usuario\Downloads\TP.X\PROYECTO.asm
                SALIR_ISR   0x0000a3    program     static C:\Users\usuario\Downloads\TP.X\PROYECTO.asm
                    DELAY   0x0000a8    program     static C:\Users\usuario\Downloads\TP.X\PROYECTO.asm
           cuenta_externa   0x0000aa    program     static C:\Users\usuario\Downloads\TP.X\PROYECTO.asm
           cuenta_interna   0x0000ac    program     static C:\Users\usuario\Downloads\TP.X\PROYECTO.asm


